Component: ARM Compiler 5.06 update 5 (build 528) Tool: armlink [4d35e2]

==============================================================================

Section Cross References

    main.o(i.main) refers to lcd_driver.o(i.init) for init
    main.o(i.main) refers to keypad_driver.o(i.padInit) for padInit
    main.o(i.main) refers to calculator.o(i.startCalc) for startCalc
    lcd_driver.o(i.ENPulse) refers to pll.o(i.SysTick_Wait_ms) for SysTick_Wait_ms
    lcd_driver.o(i.init) refers to pll.o(i.SysTick_Init) for SysTick_Init
    lcd_driver.o(i.init) refers to pll.o(i.PLL_Init) for PLL_Init
    lcd_driver.o(i.init) refers to lcd_driver.o(i.lcdWriteCommand) for lcdWriteCommand
    lcd_driver.o(i.init) refers to pll.o(i.SysTick_Wait_ms) for SysTick_Wait_ms
    lcd_driver.o(i.init) refers to lcd_driver.o(i.lcdClear) for lcdClear
    lcd_driver.o(i.init) refers to lcd_driver.o(i.lcdPrintString) for lcdPrintString
    lcd_driver.o(i.init) refers to lcd_driver.o(i.newline) for newline
    lcd_driver.o(i.lcdClear) refers to lcd_driver.o(i.lcdWriteCommand) for lcdWriteCommand
    lcd_driver.o(i.lcdClear) refers to pll.o(i.SysTick_Wait_us) for SysTick_Wait_us
    lcd_driver.o(i.lcdClear) refers to lcd_driver.o(.data) for charcount
    lcd_driver.o(i.lcdGoTo) refers to lcd_driver.o(i.ENPulse) for ENPulse
    lcd_driver.o(i.lcdGoTo) refers to pll.o(i.SysTick_Wait_ms) for SysTick_Wait_ms
    lcd_driver.o(i.lcdPrintLetter) refers to lcd_driver.o(i.ENPulse) for ENPulse
    lcd_driver.o(i.lcdPrintLetter) refers to lcd_driver.o(.data) for charcount
    lcd_driver.o(i.lcdPrintLetter) refers to lcd_driver.o(i.lcdPrintNumber) for lcdPrintNumber
    lcd_driver.o(i.lcdPrintNumber) refers to lcd_driver.o(i.ENPulse) for ENPulse
    lcd_driver.o(i.lcdPrintNumber) refers to lcd_driver.o(.data) for charcount
    lcd_driver.o(i.lcdPrintString) refers to strlen.o(.text) for strlen
    lcd_driver.o(i.lcdPrintString) refers to lcd_driver.o(i.lcdPrintLetter) for lcdPrintLetter
    lcd_driver.o(i.lcdPrintSymbol) refers to lcd_driver.o(i.ENPulse) for ENPulse
    lcd_driver.o(i.lcdWriteCommand) refers to lcd_driver.o(i.ENPulse) for ENPulse
    lcd_driver.o(i.newline) refers to lcd_driver.o(i.lcdPrintLetter) for lcdPrintLetter
    lcd_driver.o(i.newline) refers to lcd_driver.o(.data) for charcount
    keypad_driver.o(i.keyPressed) refers to keypad_driver.o(i.kPinOnOff) for kPinOnOff
    keypad_driver.o(i.keyPressed) refers to pll.o(i.SysTick_Wait_ms) for SysTick_Wait_ms
    keypad_driver.o(i.keyPressed) refers to keypad_driver.o(.data) for keypadMatrix
    pll.o(i.PLL_Init) refers to dflt_clz.o(x$fpl$dfltu) for __aeabi_ui2d
    pll.o(i.PLL_Init) refers to dmul.o(x$fpl$dmul) for __aeabi_dmul
    pll.o(i.PLL_Init) refers to ddiv.o(x$fpl$ddiv) for __aeabi_ddiv
    pll.o(i.PLL_Init) refers to dfix.o(x$fpl$dfix) for __aeabi_d2iz
    pll.o(i.PLL_Init) refers to pll.o(.data) for n
    pll.o(i.SysTick_Wait_ms) refers to pll.o(.data) for ms_cycle
    pll.o(i.SysTick_Wait_us) refers to pll.o(.data) for us_cycle
    pll.o(i.number) refers to pll.o(.data) for us_cycle
    calculator.o(i.addi) refers to calculator.o(.bss) for numberArray
    calculator.o(i.addi) refers to calculator.o(.data) for naN
    calculator.o(i.calculation) refers to calculator.o(i.divi) for divi
    calculator.o(i.calculation) refers to calculator.o(i.mult) for mult
    calculator.o(i.calculation) refers to calculator.o(i.addi) for addi
    calculator.o(i.calculation) refers to calculator.o(i.subt) for subt
    calculator.o(i.calculation) refers to calculator.o(i.printAnswer) for printAnswer
    calculator.o(i.calculation) refers to calculator.o(.bss) for operatorArray
    calculator.o(i.calculation) refers to calculator.o(.data) for opN
    calculator.o(i.checkButtons) refers to keypad_driver.o(i.keyPressed) for keyPressed
    calculator.o(i.checkButtons) refers to lcd_driver.o(i.lcdPrintNumber) for lcdPrintNumber
    calculator.o(i.checkButtons) refers to calculator.o(i.toArray) for toArray
    calculator.o(i.checkButtons) refers to lcd_driver.o(i.lcdPrintSymbol) for lcdPrintSymbol
    calculator.o(i.checkButtons) refers to calculator.o(i.equals) for equals
    calculator.o(i.checkButtons) refers to calculator.o(i.clearcalc) for clearcalc
    calculator.o(i.clearcalc) refers to lcd_driver.o(i.lcdClear) for lcdClear
    calculator.o(i.clearcalc) refers to calculator.o(.data) for mainArrayN
    calculator.o(i.clearcalc) refers to calculator.o(.bss) for tempNumberArray
    calculator.o(i.divi) refers to calculator.o(.bss) for numberArray
    calculator.o(i.divi) refers to calculator.o(.data) for naN
    calculator.o(i.equals) refers to calculator.o(i.setArray) for setArray
    calculator.o(i.equals) refers to calculator.o(i.calculation) for calculation
    calculator.o(i.mult) refers to calculator.o(.bss) for numberArray
    calculator.o(i.mult) refers to calculator.o(.data) for naN
    calculator.o(i.printAnswer) refers to lcd_driver.o(i.newline) for newline
    calculator.o(i.printAnswer) refers to lcd_driver.o(i.lcdPrintSymbol) for lcdPrintSymbol
    calculator.o(i.printAnswer) refers to lcd_driver.o(i.lcdPrintString) for lcdPrintString
    calculator.o(i.printAnswer) refers to lcd_driver.o(i.lcdPrintNumber) for lcdPrintNumber
    calculator.o(i.printAnswer) refers to keypad_driver.o(i.keyPressed) for keyPressed
    calculator.o(i.printAnswer) refers to calculator.o(i.clearcalc) for clearcalc
    calculator.o(i.printAnswer) refers to calculator.o(.bss) for numberArray
    calculator.o(i.setArray) refers to rt_ctype_table.o(.text) for __rt_ctype_table
    calculator.o(i.setArray) refers to calculator.o(.data) for tnaN
    calculator.o(i.setArray) refers to calculator.o(.bss) for mainArray
    calculator.o(i.startCalc) refers to calculator.o(i.checkButtons) for checkButtons
    calculator.o(i.startCalc) refers to calculator.o(.data) for mainArrayN
    calculator.o(i.subt) refers to calculator.o(.bss) for numberArray
    calculator.o(i.subt) refers to calculator.o(.data) for naN
    calculator.o(i.toArray) refers to calculator.o(.bss) for mainArray
    calculator.o(i.toArray) refers to calculator.o(.data) for mainArrayN
    startup_tm4c123.o(STACK) refers (Special) to heapauxi.o(.text) for __use_two_region_memory
    startup_tm4c123.o(HEAP) refers (Special) to heapauxi.o(.text) for __use_two_region_memory
    startup_tm4c123.o(RESET) refers (Special) to heapauxi.o(.text) for __use_two_region_memory
    startup_tm4c123.o(RESET) refers to startup_tm4c123.o(STACK) for __initial_sp
    startup_tm4c123.o(RESET) refers to startup_tm4c123.o(.text) for Reset_Handler
    startup_tm4c123.o(.text) refers (Special) to heapauxi.o(.text) for __use_two_region_memory
    startup_tm4c123.o(.text) refers to system_tm4c123.o(i.SystemInit) for SystemInit
    startup_tm4c123.o(.text) refers to __main.o(!!!main) for __main
    startup_tm4c123.o(.text) refers to startup_tm4c123.o(HEAP) for Heap_Mem
    startup_tm4c123.o(.text) refers to startup_tm4c123.o(STACK) for Stack_Mem
    system_tm4c123.o(i.SystemCoreClockUpdate) refers to system_tm4c123.o(i.getOscClk) for getOscClk
    system_tm4c123.o(i.SystemCoreClockUpdate) refers to system_tm4c123.o(.data) for SystemCoreClock
    rt_ctype_table.o(.text) refers to rt_locale_intlibspace.o(.text) for __rt_locale
    rt_ctype_table.o(.text) refers to lc_ctype_c.o(locale$$code) for _get_lc_ctype
    __main.o(!!!main) refers to __rtentry.o(.ARM.Collect$$rtentry$$00000000) for __rt_entry
    ddiv.o(x$fpl$drdiv) refers (Special) to usenofp.o(x$fpl$usenofp) for __I$use$fp
    ddiv.o(x$fpl$drdiv) refers to ddiv.o(x$fpl$ddiv) for ddiv_entry
    ddiv.o(x$fpl$ddiv) refers (Special) to usenofp.o(x$fpl$usenofp) for __I$use$fp
    ddiv.o(x$fpl$ddiv) refers to dretinf.o(x$fpl$dretinf) for __fpl_dretinf
    ddiv.o(x$fpl$ddiv) refers to dnaninf.o(x$fpl$dnaninf) for __fpl_dnaninf
    dfix.o(x$fpl$dfix) refers (Special) to usenofp.o(x$fpl$usenofp) for __I$use$fp
    dfix.o(x$fpl$dfix) refers to dnaninf.o(x$fpl$dnaninf) for __fpl_dnaninf
    dfix.o(x$fpl$dfixr) refers (Special) to usenofp.o(x$fpl$usenofp) for __I$use$fp
    dfix.o(x$fpl$dfixr) refers to dnaninf.o(x$fpl$dnaninf) for __fpl_dnaninf
    dflt_clz.o(x$fpl$dfltu) refers (Special) to usenofp.o(x$fpl$usenofp) for __I$use$fp
    dflt_clz.o(x$fpl$dflt) refers (Special) to usenofp.o(x$fpl$usenofp) for __I$use$fp
    dflt_clz.o(x$fpl$dfltn) refers (Special) to usenofp.o(x$fpl$usenofp) for __I$use$fp
    dmul.o(x$fpl$dmul) refers (Special) to usenofp.o(x$fpl$usenofp) for __I$use$fp
    dmul.o(x$fpl$dmul) refers to dretinf.o(x$fpl$dretinf) for __fpl_dretinf
    dmul.o(x$fpl$dmul) refers to dnaninf.o(x$fpl$dnaninf) for __fpl_dnaninf
    __rtentry.o(.ARM.Collect$$rtentry$$00000000) refers (Special) to __rtentry2.o(.ARM.Collect$$rtentry$$0000000A) for __rt_entry_li
    __rtentry.o(.ARM.Collect$$rtentry$$00000000) refers (Special) to __rtentry2.o(.ARM.Collect$$rtentry$$0000000D) for __rt_entry_main
    __rtentry.o(.ARM.Collect$$rtentry$$00000000) refers (Special) to __rtentry2.o(.ARM.Collect$$rtentry$$0000000C) for __rt_entry_postli_1
    __rtentry.o(.ARM.Collect$$rtentry$$00000000) refers (Special) to __rtentry2.o(.ARM.Collect$$rtentry$$00000009) for __rt_entry_postsh_1
    __rtentry.o(.ARM.Collect$$rtentry$$00000000) refers (Special) to __rtentry2.o(.ARM.Collect$$rtentry$$00000002) for __rt_entry_presh_1
    __rtentry.o(.ARM.Collect$$rtentry$$00000000) refers (Special) to __rtentry4.o(.ARM.Collect$$rtentry$$00000004) for __rt_entry_sh
    rt_locale.o(.text) refers to rt_locale.o(.bss) for __rt_locale_data
    rt_locale_intlibspace.o(.text) refers to libspace.o(.bss) for __libspace_start
    lc_ctype_c.o(locale$$data) refers (Special) to libinit2.o(.ARM.Collect$$libinit$$00000012) for __rt_lib_init_lc_ctype_2
    lc_ctype_c.o(locale$$code) refers (Special) to libinit2.o(.ARM.Collect$$libinit$$00000012) for __rt_lib_init_lc_ctype_2
    lc_ctype_c.o(locale$$code) refers to strcmpv7m.o(.text) for strcmp
    lc_ctype_c.o(locale$$code) refers to lc_ctype_c.o(locale$$data) for __lcctype_c_name
    dnaninf.o(x$fpl$dnaninf) refers (Special) to usenofp.o(x$fpl$usenofp) for __I$use$fp
    dretinf.o(x$fpl$dretinf) refers (Special) to usenofp.o(x$fpl$usenofp) for __I$use$fp
    libspace.o(.text) refers to libspace.o(.bss) for __libspace_start
    __rtentry2.o(.ARM.Collect$$rtentry$$00000008) refers to boardinit2.o(.text) for _platform_post_stackheap_init
    __rtentry2.o(.ARM.Collect$$rtentry$$0000000A) refers to libinit.o(.ARM.Collect$$libinit$$00000000) for __rt_lib_init
    __rtentry2.o(.ARM.Collect$$rtentry$$0000000B) refers to boardinit3.o(.text) for _platform_post_lib_init
    __rtentry2.o(.ARM.Collect$$rtentry$$0000000D) refers to main.o(i.main) for main
    __rtentry2.o(.ARM.Collect$$rtentry$$0000000D) refers to exit.o(.text) for exit
    __rtentry2.o(.ARM.exidx) refers to __rtentry2.o(.ARM.Collect$$rtentry$$00000001) for .ARM.Collect$$rtentry$$00000001
    __rtentry2.o(.ARM.exidx) refers to __rtentry2.o(.ARM.Collect$$rtentry$$00000008) for .ARM.Collect$$rtentry$$00000008
    __rtentry2.o(.ARM.exidx) refers to __rtentry2.o(.ARM.Collect$$rtentry$$0000000A) for .ARM.Collect$$rtentry$$0000000A
    __rtentry2.o(.ARM.exidx) refers to __rtentry2.o(.ARM.Collect$$rtentry$$0000000B) for .ARM.Collect$$rtentry$$0000000B
    __rtentry2.o(.ARM.exidx) refers to __rtentry2.o(.ARM.Collect$$rtentry$$0000000D) for .ARM.Collect$$rtentry$$0000000D
    __rtentry4.o(.ARM.Collect$$rtentry$$00000004) refers to sys_stackheap_outer.o(.text) for __user_setup_stackheap
    __rtentry4.o(.ARM.exidx) refers to __rtentry4.o(.ARM.Collect$$rtentry$$00000004) for .ARM.Collect$$rtentry$$00000004
    libinit2.o(.ARM.Collect$$libinit$$00000001) refers to fpinit.o(x$fpl$fpinit) for _fp_init
    libinit2.o(.ARM.Collect$$libinit$$0000000F) refers (Weak) to rt_locale_intlibspace.o(.text) for __rt_locale
    libinit2.o(.ARM.Collect$$libinit$$00000010) refers to libinit2.o(.ARM.Collect$$libinit$$0000000F) for .ARM.Collect$$libinit$$0000000F
    libinit2.o(.ARM.Collect$$libinit$$00000012) refers to libinit2.o(.ARM.Collect$$libinit$$0000000F) for .ARM.Collect$$libinit$$0000000F
    libinit2.o(.ARM.Collect$$libinit$$00000012) refers (Weak) to lc_ctype_c.o(locale$$code) for _get_lc_ctype
    libinit2.o(.ARM.Collect$$libinit$$00000014) refers to libinit2.o(.ARM.Collect$$libinit$$0000000F) for .ARM.Collect$$libinit$$0000000F
    libinit2.o(.ARM.Collect$$libinit$$00000016) refers to libinit2.o(.ARM.Collect$$libinit$$0000000F) for .ARM.Collect$$libinit$$0000000F
    libinit2.o(.ARM.Collect$$libinit$$00000018) refers to libinit2.o(.ARM.Collect$$libinit$$0000000F) for .ARM.Collect$$libinit$$0000000F
    libinit2.o(.ARM.Collect$$libinit$$00000026) refers to argv_veneer.o(.emb_text) for __ARM_argv_veneer
    libinit2.o(.ARM.Collect$$libinit$$00000027) refers to argv_veneer.o(.emb_text) for __ARM_argv_veneer
    sys_stackheap_outer.o(.text) refers to libspace.o(.text) for __user_perproc_libspace
    sys_stackheap_outer.o(.text) refers to startup_tm4c123.o(.text) for __user_initial_stackheap
    exit.o(.text) refers to rtexit.o(.ARM.Collect$$rtexit$$00000000) for __rt_exit
    argv_veneer.o(.emb_text) refers to no_argv.o(.text) for __ARM_get_argv
    libinit.o(.ARM.Collect$$libinit$$00000000) refers (Special) to libinit2.o(.ARM.Collect$$libinit$$0000002E) for __rt_lib_init_alloca_1
    libinit.o(.ARM.Collect$$libinit$$00000000) refers (Special) to libinit2.o(.ARM.Collect$$libinit$$0000002C) for __rt_lib_init_argv_1
    libinit.o(.ARM.Collect$$libinit$$00000000) refers (Special) to libinit2.o(.ARM.Collect$$libinit$$0000001B) for __rt_lib_init_atexit_1
    libinit.o(.ARM.Collect$$libinit$$00000000) refers (Special) to libinit2.o(.ARM.Collect$$libinit$$00000021) for __rt_lib_init_clock_1
    libinit.o(.ARM.Collect$$libinit$$00000000) refers (Special) to libinit2.o(.ARM.Collect$$libinit$$00000032) for __rt_lib_init_cpp_1
    libinit.o(.ARM.Collect$$libinit$$00000000) refers (Special) to libinit2.o(.ARM.Collect$$libinit$$00000030) for __rt_lib_init_exceptions_1
    libinit.o(.ARM.Collect$$libinit$$00000000) refers (Special) to libinit2.o(.ARM.Collect$$libinit$$00000001) for __rt_lib_init_fp_1
    libinit.o(.ARM.Collect$$libinit$$00000000) refers (Special) to libinit2.o(.ARM.Collect$$libinit$$0000001F) for __rt_lib_init_fp_trap_1
    libinit.o(.ARM.Collect$$libinit$$00000000) refers (Special) to libinit2.o(.ARM.Collect$$libinit$$00000023) for __rt_lib_init_getenv_1
    libinit.o(.ARM.Collect$$libinit$$00000000) refers (Special) to libinit2.o(.ARM.Collect$$libinit$$0000000A) for __rt_lib_init_heap_1
    libinit.o(.ARM.Collect$$libinit$$00000000) refers (Special) to libinit2.o(.ARM.Collect$$libinit$$00000011) for __rt_lib_init_lc_collate_1
    libinit.o(.ARM.Collect$$libinit$$00000000) refers (Special) to libinit2.o(.ARM.Collect$$libinit$$00000013) for __rt_lib_init_lc_ctype_1
    libinit.o(.ARM.Collect$$libinit$$00000000) refers (Special) to libinit2.o(.ARM.Collect$$libinit$$00000015) for __rt_lib_init_lc_monetary_1
    libinit.o(.ARM.Collect$$libinit$$00000000) refers (Special) to libinit2.o(.ARM.Collect$$libinit$$00000017) for __rt_lib_init_lc_numeric_1
    libinit.o(.ARM.Collect$$libinit$$00000000) refers (Special) to libinit2.o(.ARM.Collect$$libinit$$00000019) for __rt_lib_init_lc_time_1
    libinit.o(.ARM.Collect$$libinit$$00000000) refers (Special) to libinit2.o(.ARM.Collect$$libinit$$00000004) for __rt_lib_init_preinit_1
    libinit.o(.ARM.Collect$$libinit$$00000000) refers (Special) to libinit2.o(.ARM.Collect$$libinit$$0000000E) for __rt_lib_init_rand_1
    libinit.o(.ARM.Collect$$libinit$$00000000) refers (Special) to libinit2.o(.ARM.Collect$$libinit$$00000033) for __rt_lib_init_return
    libinit.o(.ARM.Collect$$libinit$$00000000) refers (Special) to libinit2.o(.ARM.Collect$$libinit$$0000001D) for __rt_lib_init_signal_1
    libinit.o(.ARM.Collect$$libinit$$00000000) refers (Special) to libinit2.o(.ARM.Collect$$libinit$$00000025) for __rt_lib_init_stdio_1
    libinit.o(.ARM.Collect$$libinit$$00000000) refers (Special) to libinit2.o(.ARM.Collect$$libinit$$0000000C) for __rt_lib_init_user_alloc_1
    rtexit.o(.ARM.Collect$$rtexit$$00000000) refers (Special) to rtexit2.o(.ARM.Collect$$rtexit$$00000004) for __rt_exit_exit
    rtexit.o(.ARM.Collect$$rtexit$$00000000) refers (Special) to rtexit2.o(.ARM.Collect$$rtexit$$00000003) for __rt_exit_ls
    rtexit.o(.ARM.Collect$$rtexit$$00000000) refers (Special) to rtexit2.o(.ARM.Collect$$rtexit$$00000002) for __rt_exit_prels_1
    rtexit.o(.ARM.exidx) refers (Special) to rtexit2.o(.ARM.Collect$$rtexit$$00000004) for __rt_exit_exit
    rtexit.o(.ARM.exidx) refers (Special) to rtexit2.o(.ARM.Collect$$rtexit$$00000003) for __rt_exit_ls
    rtexit.o(.ARM.exidx) refers (Special) to rtexit2.o(.ARM.Collect$$rtexit$$00000002) for __rt_exit_prels_1
    rtexit.o(.ARM.exidx) refers to rtexit.o(.ARM.Collect$$rtexit$$00000000) for .ARM.Collect$$rtexit$$00000000
    _get_argv_nomalloc.o(.text) refers (Special) to hrguard.o(.text) for __heap_region$guard
    _get_argv_nomalloc.o(.text) refers to defsig_rtmem_outer.o(.text) for __rt_SIGRTMEM
    _get_argv_nomalloc.o(.text) refers to sys_command.o(.text) for _sys_command_string
    sys_command.o(.text) refers (Special) to use_no_semi.o(.text) for __I$use$semihosting
    sys_command.o(.text) refers (Special) to indicate_semi.o(.text) for __semihosting_library_function
    rtexit2.o(.ARM.Collect$$rtexit$$00000003) refers to libshutdown.o(.ARM.Collect$$libshutdown$$00000000) for __rt_lib_shutdown
    rtexit2.o(.ARM.Collect$$rtexit$$00000004) refers to sys_exit.o(.text) for _sys_exit
    rtexit2.o(.ARM.exidx) refers to rtexit2.o(.ARM.Collect$$rtexit$$00000001) for .ARM.Collect$$rtexit$$00000001
    rtexit2.o(.ARM.exidx) refers to rtexit2.o(.ARM.Collect$$rtexit$$00000003) for .ARM.Collect$$rtexit$$00000003
    rtexit2.o(.ARM.exidx) refers to rtexit2.o(.ARM.Collect$$rtexit$$00000004) for .ARM.Collect$$rtexit$$00000004
    defsig_rtmem_outer.o(.text) refers to defsig_rtmem_inner.o(.text) for __rt_SIGRTMEM_inner
    defsig_rtmem_outer.o(.text) refers to defsig_exit.o(.text) for __sig_exit
    defsig_rtmem_formal.o(.text) refers to rt_raise.o(.text) for __rt_raise
    sys_exit.o(.text) refers (Special) to use_no_semi.o(.text) for __I$use$semihosting
    sys_exit.o(.text) refers (Special) to indicate_semi.o(.text) for __semihosting_library_function
    rt_raise.o(.text) refers to __raise.o(.text) for __raise
    rt_raise.o(.text) refers to sys_exit.o(.text) for _sys_exit
    defsig_exit.o(.text) refers to sys_exit.o(.text) for _sys_exit
    defsig_rtmem_inner.o(.text) refers to defsig_general.o(.text) for __default_signal_display
    libshutdown.o(.ARM.Collect$$libshutdown$$00000000) refers (Special) to libshutdown2.o(.ARM.Collect$$libshutdown$$00000002) for __rt_lib_shutdown_cpp_1
    libshutdown.o(.ARM.Collect$$libshutdown$$00000000) refers (Special) to libshutdown2.o(.ARM.Collect$$libshutdown$$00000007) for __rt_lib_shutdown_fp_trap_1
    libshutdown.o(.ARM.Collect$$libshutdown$$00000000) refers (Special) to libshutdown2.o(.ARM.Collect$$libshutdown$$0000000F) for __rt_lib_shutdown_heap_1
    libshutdown.o(.ARM.Collect$$libshutdown$$00000000) refers (Special) to libshutdown2.o(.ARM.Collect$$libshutdown$$00000010) for __rt_lib_shutdown_return
    libshutdown.o(.ARM.Collect$$libshutdown$$00000000) refers (Special) to libshutdown2.o(.ARM.Collect$$libshutdown$$0000000A) for __rt_lib_shutdown_signal_1
    libshutdown.o(.ARM.Collect$$libshutdown$$00000000) refers (Special) to libshutdown2.o(.ARM.Collect$$libshutdown$$00000004) for __rt_lib_shutdown_stdio_1
    libshutdown.o(.ARM.Collect$$libshutdown$$00000000) refers (Special) to libshutdown2.o(.ARM.Collect$$libshutdown$$0000000C) for __rt_lib_shutdown_user_alloc_1
    __raise.o(.text) refers to defsig.o(CL$$defsig) for __default_signal_handler
    defsig_general.o(.text) refers to sys_wrch.o(.text) for _ttywrch
    sys_wrch.o(.text) refers (Special) to use_no_semi.o(.text) for __I$use$semihosting
    sys_wrch.o(.text) refers (Special) to indicate_semi.o(.text) for __semihosting_library_function
    defsig.o(CL$$defsig) refers to defsig_rtmem_inner.o(.text) for __rt_SIGRTMEM_inner
    defsig_abrt_inner.o(.text) refers to defsig_general.o(.text) for __default_signal_display
    defsig_fpe_inner.o(.text) refers to defsig_general.o(.text) for __default_signal_display
    defsig_rtred_inner.o(.text) refers to defsig_general.o(.text) for __default_signal_display
    defsig_stak_inner.o(.text) refers to defsig_general.o(.text) for __default_signal_display
    defsig_pvfn_inner.o(.text) refers to defsig_general.o(.text) for __default_signal_display
    defsig_cppl_inner.o(.text) refers to defsig_general.o(.text) for __default_signal_display
    defsig_segv_inner.o(.text) refers to defsig_general.o(.text) for __default_signal_display
    defsig_other.o(.text) refers to defsig_general.o(.text) for __default_signal_display


==============================================================================

Removing Unused input sections from the image.

    Removing lcd_driver.o(i.lcdGoTo), (80 bytes).
    Removing pll.o(i.SysTick_Wait), (30 bytes).
    Removing pll.o(i.number), (12 bytes).
    Removing system_tm4c123.o(.rev16_text), (4 bytes).
    Removing system_tm4c123.o(.revsh_text), (4 bytes).
    Removing system_tm4c123.o(.rrx_text), (6 bytes).
    Removing system_tm4c123.o(i.SystemCoreClockUpdate), (196 bytes).
    Removing system_tm4c123.o(i.getOscClk), (244 bytes).
    Removing system_tm4c123.o(.data), (4 bytes).

9 unused section(s) (total 580 bytes) removed from the image.

==============================================================================

Image Symbol Table

    Local Symbols

    Symbol Name                              Value     Ov Type        Size  Object(Section)

    RESET                                    0x00000000   Section      620  startup_tm4c123.o(RESET)
    ../clib/angel/boardlib.s                 0x00000000   Number         0  boardshut.o ABSOLUTE
    ../clib/angel/boardlib.s                 0x00000000   Number         0  boardinit3.o ABSOLUTE
    ../clib/angel/boardlib.s                 0x00000000   Number         0  boardinit2.o ABSOLUTE
    ../clib/angel/boardlib.s                 0x00000000   Number         0  boardinit1.o ABSOLUTE
    ../clib/angel/handlers.s                 0x00000000   Number         0  __scatter_zi.o ABSOLUTE
    ../clib/angel/handlers.s                 0x00000000   Number         0  __scatter_copy.o ABSOLUTE
    ../clib/angel/kernel.s                   0x00000000   Number         0  rtexit.o ABSOLUTE
    ../clib/angel/kernel.s                   0x00000000   Number         0  __rtentry.o ABSOLUTE
    ../clib/angel/kernel.s                   0x00000000   Number         0  __rtentry4.o ABSOLUTE
    ../clib/angel/kernel.s                   0x00000000   Number         0  __rtentry2.o ABSOLUTE
    ../clib/angel/kernel.s                   0x00000000   Number         0  rtexit2.o ABSOLUTE
    ../clib/angel/rt.s                       0x00000000   Number         0  rt_locale.o ABSOLUTE
    ../clib/angel/rt.s                       0x00000000   Number         0  rt_locale_intlibspace.o ABSOLUTE
    ../clib/angel/rt.s                       0x00000000   Number         0  rt_raise.o ABSOLUTE
    ../clib/angel/rt.s                       0x00000000   Number         0  rt_ctype_table.o ABSOLUTE
    ../clib/angel/scatter.s                  0x00000000   Number         0  __scatter.o ABSOLUTE
    ../clib/angel/startup.s                  0x00000000   Number         0  __main.o ABSOLUTE
    ../clib/angel/sys.s                      0x00000000   Number         0  use_no_semi.o ABSOLUTE
    ../clib/angel/sys.s                      0x00000000   Number         0  libspace.o ABSOLUTE
    ../clib/angel/sys.s                      0x00000000   Number         0  indicate_semi.o ABSOLUTE
    ../clib/angel/sys.s                      0x00000000   Number         0  sys_stackheap_outer.o ABSOLUTE
    ../clib/angel/sysapp.c                   0x00000000   Number         0  sys_wrch.o ABSOLUTE
    ../clib/angel/sysapp.c                   0x00000000   Number         0  sys_exit.o ABSOLUTE
    ../clib/angel/sysapp.c                   0x00000000   Number         0  sys_command.o ABSOLUTE
    ../clib/armsys.c                         0x00000000   Number         0  argv_veneer.o ABSOLUTE
    ../clib/armsys.c                         0x00000000   Number         0  argv_veneer.o ABSOLUTE
    ../clib/armsys.c                         0x00000000   Number         0  no_argv.o ABSOLUTE
    ../clib/armsys.c                         0x00000000   Number         0  _get_argv_nomalloc.o ABSOLUTE
    ../clib/heapalloc.c                      0x00000000   Number         0  hrguard.o ABSOLUTE
    ../clib/heapaux.c                        0x00000000   Number         0  heapauxi.o ABSOLUTE
    ../clib/libinit.s                        0x00000000   Number         0  libshutdown2.o ABSOLUTE
    ../clib/libinit.s                        0x00000000   Number         0  libinit.o ABSOLUTE
    ../clib/libinit.s                        0x00000000   Number         0  libinit2.o ABSOLUTE
    ../clib/libinit.s                        0x00000000   Number         0  libshutdown.o ABSOLUTE
    ../clib/locale.s                         0x00000000   Number         0  lc_ctype_c.o ABSOLUTE
    ../clib/memcpset.s                       0x00000000   Number         0  strcmpv7m.o ABSOLUTE
    ../clib/signal.c                         0x00000000   Number         0  defsig_rtred_inner.o ABSOLUTE
    ../clib/signal.c                         0x00000000   Number         0  defsig_fpe_inner.o ABSOLUTE
    ../clib/signal.c                         0x00000000   Number         0  defsig_abrt_inner.o ABSOLUTE
    ../clib/signal.c                         0x00000000   Number         0  __raise.o ABSOLUTE
    ../clib/signal.c                         0x00000000   Number         0  defsig_rtmem_inner.o ABSOLUTE
    ../clib/signal.c                         0x00000000   Number         0  defsig_exit.o ABSOLUTE
    ../clib/signal.c                         0x00000000   Number         0  defsig_general.o ABSOLUTE
    ../clib/signal.c                         0x00000000   Number         0  defsig_rtmem_formal.o ABSOLUTE
    ../clib/signal.c                         0x00000000   Number         0  defsig_rtmem_outer.o ABSOLUTE
    ../clib/signal.c                         0x00000000   Number         0  defsig_other.o ABSOLUTE
    ../clib/signal.c                         0x00000000   Number         0  defsig_segv_inner.o ABSOLUTE
    ../clib/signal.c                         0x00000000   Number         0  defsig_cppl_inner.o ABSOLUTE
    ../clib/signal.c                         0x00000000   Number         0  defsig_pvfn_inner.o ABSOLUTE
    ../clib/signal.c                         0x00000000   Number         0  defsig_stak_inner.o ABSOLUTE
    ../clib/signal.s                         0x00000000   Number         0  defsig.o ABSOLUTE
    ../clib/stdlib.c                         0x00000000   Number         0  exit.o ABSOLUTE
    ../clib/string.c                         0x00000000   Number         0  strlen.o ABSOLUTE
    ../fplib/ddiv.s                          0x00000000   Number         0  ddiv.o ABSOLUTE
    ../fplib/dfix.s                          0x00000000   Number         0  dfix.o ABSOLUTE
    ../fplib/dflt.s                          0x00000000   Number         0  dflt_clz.o ABSOLUTE
    ../fplib/dmul.s                          0x00000000   Number         0  dmul.o ABSOLUTE
    ../fplib/dnaninf.s                       0x00000000   Number         0  dnaninf.o ABSOLUTE
    ../fplib/dretinf.s                       0x00000000   Number         0  dretinf.o ABSOLUTE
    ../fplib/fpinit.s                        0x00000000   Number         0  fpinit.o ABSOLUTE
    ../fplib/usenofp.s                       0x00000000   Number         0  usenofp.o ABSOLUTE
    Calculator.c                             0x00000000   Number         0  calculator.o ABSOLUTE
    Keypad_Driver.c                          0x00000000   Number         0  keypad_driver.o ABSOLUTE
    LCD_Driver.c                             0x00000000   Number         0  lcd_driver.o ABSOLUTE
    Main.c                                   0x00000000   Number         0  main.o ABSOLUTE
    PLL.c                                    0x00000000   Number         0  pll.o ABSOLUTE
    RTE\Device\TM4C123GH6PM\startup_TM4C123.s 0x00000000   Number         0  startup_tm4c123.o ABSOLUTE
    RTE\Device\TM4C123GH6PM\system_TM4C123.c 0x00000000   Number         0  system_tm4c123.o ABSOLUTE
    RTE\\Device\\TM4C123GH6PM\\system_TM4C123.c 0x00000000   Number         0  system_tm4c123.o ABSOLUTE
    dc.s                                     0x00000000   Number         0  dc.o ABSOLUTE
    !!!main                                  0x0000026c   Section        8  __main.o(!!!main)
    !!!scatter                               0x00000274   Section       52  __scatter.o(!!!scatter)
    !!handler_copy                           0x000002a8   Section       26  __scatter_copy.o(!!handler_copy)
    !!handler_zi                             0x000002c4   Section       28  __scatter_zi.o(!!handler_zi)
    .ARM.Collect$$libinit$$00000000          0x000002e0   Section        2  libinit.o(.ARM.Collect$$libinit$$00000000)
    .ARM.Collect$$libinit$$00000001          0x000002e2   Section        4  libinit2.o(.ARM.Collect$$libinit$$00000001)
    .ARM.Collect$$libinit$$00000004          0x000002e6   Section        0  libinit2.o(.ARM.Collect$$libinit$$00000004)
    .ARM.Collect$$libinit$$0000000A          0x000002e6   Section        0  libinit2.o(.ARM.Collect$$libinit$$0000000A)
    .ARM.Collect$$libinit$$0000000C          0x000002e6   Section        0  libinit2.o(.ARM.Collect$$libinit$$0000000C)
    .ARM.Collect$$libinit$$0000000E          0x000002e6   Section        0  libinit2.o(.ARM.Collect$$libinit$$0000000E)
    .ARM.Collect$$libinit$$0000000F          0x000002e6   Section        6  libinit2.o(.ARM.Collect$$libinit$$0000000F)
    .ARM.Collect$$libinit$$00000011          0x000002ec   Section        0  libinit2.o(.ARM.Collect$$libinit$$00000011)
    .ARM.Collect$$libinit$$00000012          0x000002ec   Section       12  libinit2.o(.ARM.Collect$$libinit$$00000012)
    .ARM.Collect$$libinit$$00000013          0x000002f8   Section        0  libinit2.o(.ARM.Collect$$libinit$$00000013)
    .ARM.Collect$$libinit$$00000015          0x000002f8   Section        0  libinit2.o(.ARM.Collect$$libinit$$00000015)
    .ARM.Collect$$libinit$$00000017          0x000002f8   Section        0  libinit2.o(.ARM.Collect$$libinit$$00000017)
    .ARM.Collect$$libinit$$00000019          0x000002f8   Section        0  libinit2.o(.ARM.Collect$$libinit$$00000019)
    .ARM.Collect$$libinit$$0000001B          0x000002f8   Section        0  libinit2.o(.ARM.Collect$$libinit$$0000001B)
    .ARM.Collect$$libinit$$0000001D          0x000002f8   Section        0  libinit2.o(.ARM.Collect$$libinit$$0000001D)
    .ARM.Collect$$libinit$$0000001F          0x000002f8   Section        0  libinit2.o(.ARM.Collect$$libinit$$0000001F)
    .ARM.Collect$$libinit$$00000021          0x000002f8   Section        0  libinit2.o(.ARM.Collect$$libinit$$00000021)
    .ARM.Collect$$libinit$$00000023          0x000002f8   Section        0  libinit2.o(.ARM.Collect$$libinit$$00000023)
    .ARM.Collect$$libinit$$00000025          0x000002f8   Section        0  libinit2.o(.ARM.Collect$$libinit$$00000025)
    .ARM.Collect$$libinit$$0000002C          0x000002f8   Section        0  libinit2.o(.ARM.Collect$$libinit$$0000002C)
    .ARM.Collect$$libinit$$0000002E          0x000002f8   Section        0  libinit2.o(.ARM.Collect$$libinit$$0000002E)
    .ARM.Collect$$libinit$$00000030          0x000002f8   Section        0  libinit2.o(.ARM.Collect$$libinit$$00000030)
    .ARM.Collect$$libinit$$00000032          0x000002f8   Section        0  libinit2.o(.ARM.Collect$$libinit$$00000032)
    .ARM.Collect$$libinit$$00000033          0x000002f8   Section        2  libinit2.o(.ARM.Collect$$libinit$$00000033)
    .ARM.Collect$$libshutdown$$00000000      0x000002fa   Section        2  libshutdown.o(.ARM.Collect$$libshutdown$$00000000)
    .ARM.Collect$$libshutdown$$00000002      0x000002fc   Section        0  libshutdown2.o(.ARM.Collect$$libshutdown$$00000002)
    .ARM.Collect$$libshutdown$$00000004      0x000002fc   Section        0  libshutdown2.o(.ARM.Collect$$libshutdown$$00000004)
    .ARM.Collect$$libshutdown$$00000007      0x000002fc   Section        0  libshutdown2.o(.ARM.Collect$$libshutdown$$00000007)
    .ARM.Collect$$libshutdown$$0000000A      0x000002fc   Section        0  libshutdown2.o(.ARM.Collect$$libshutdown$$0000000A)
    .ARM.Collect$$libshutdown$$0000000C      0x000002fc   Section        0  libshutdown2.o(.ARM.Collect$$libshutdown$$0000000C)
    .ARM.Collect$$libshutdown$$0000000F      0x000002fc   Section        0  libshutdown2.o(.ARM.Collect$$libshutdown$$0000000F)
    .ARM.Collect$$libshutdown$$00000010      0x000002fc   Section        2  libshutdown2.o(.ARM.Collect$$libshutdown$$00000010)
    .ARM.Collect$$rtentry$$00000000          0x000002fe   Section        0  __rtentry.o(.ARM.Collect$$rtentry$$00000000)
    .ARM.Collect$$rtentry$$00000002          0x000002fe   Section        0  __rtentry2.o(.ARM.Collect$$rtentry$$00000002)
    .ARM.Collect$$rtentry$$00000004          0x000002fe   Section        6  __rtentry4.o(.ARM.Collect$$rtentry$$00000004)
    .ARM.Collect$$rtentry$$00000009          0x00000304   Section        0  __rtentry2.o(.ARM.Collect$$rtentry$$00000009)
    .ARM.Collect$$rtentry$$0000000A          0x00000304   Section        4  __rtentry2.o(.ARM.Collect$$rtentry$$0000000A)
    .ARM.Collect$$rtentry$$0000000C          0x00000308   Section        0  __rtentry2.o(.ARM.Collect$$rtentry$$0000000C)
    .ARM.Collect$$rtentry$$0000000D          0x00000308   Section        8  __rtentry2.o(.ARM.Collect$$rtentry$$0000000D)
    .ARM.Collect$$rtexit$$00000000           0x00000310   Section        2  rtexit.o(.ARM.Collect$$rtexit$$00000000)
    .ARM.Collect$$rtexit$$00000002           0x00000312   Section        0  rtexit2.o(.ARM.Collect$$rtexit$$00000002)
    .ARM.Collect$$rtexit$$00000003           0x00000312   Section        4  rtexit2.o(.ARM.Collect$$rtexit$$00000003)
    .ARM.Collect$$rtexit$$00000004           0x00000316   Section        6  rtexit2.o(.ARM.Collect$$rtexit$$00000004)
    .text                                    0x0000031c   Section      276  startup_tm4c123.o(.text)
    $v0                                      0x0000031c   Number         0  startup_tm4c123.o(.text)
    .text                                    0x00000430   Section       16  rt_ctype_table.o(.text)
    .text                                    0x00000440   Section        0  strlen.o(.text)
    .text                                    0x0000047e   Section        0  heapauxi.o(.text)
    .text                                    0x00000484   Section        8  rt_locale_intlibspace.o(.text)
    .text                                    0x0000048c   Section        8  libspace.o(.text)
    .text                                    0x00000494   Section      128  strcmpv7m.o(.text)
    .text                                    0x00000514   Section       74  sys_stackheap_outer.o(.text)
    .text                                    0x0000055e   Section        0  exit.o(.text)
    .text                                    0x00000570   Section        0  sys_exit.o(.text)
    .text                                    0x0000057c   Section        2  use_no_semi.o(.text)
    .text                                    0x0000057e   Section        0  indicate_semi.o(.text)
    i.ENPulse                                0x0000057e   Section        0  lcd_driver.o(i.ENPulse)
    i.PLL_Init                               0x000005a0   Section        0  pll.o(i.PLL_Init)
    i.SysTick_Init                           0x000006f0   Section        0  pll.o(i.SysTick_Init)
    i.SysTick_Wait_ms                        0x00000708   Section        0  pll.o(i.SysTick_Wait_ms)
    i.SysTick_Wait_us                        0x00000730   Section        0  pll.o(i.SysTick_Wait_us)
    i.SystemInit                             0x00000758   Section        0  system_tm4c123.o(i.SystemInit)
    i.addi                                   0x000007f0   Section        0  calculator.o(i.addi)
    i.calculation                            0x00000848   Section        0  calculator.o(i.calculation)
    i.checkButtons                           0x0000093c   Section        0  calculator.o(i.checkButtons)
    i.clearcalc                              0x00000a40   Section        0  calculator.o(i.clearcalc)
    i.divi                                   0x00000a9c   Section        0  calculator.o(i.divi)
    i.equals                                 0x00000af8   Section        0  calculator.o(i.equals)
    i.init                                   0x00000b04   Section        0  lcd_driver.o(i.init)
    i.kPinOnOff                              0x00000c44   Section        0  keypad_driver.o(i.kPinOnOff)
    i.keyPressed                             0x00000cc0   Section        0  keypad_driver.o(i.keyPressed)
    i.lcdClear                               0x00000d28   Section        0  lcd_driver.o(i.lcdClear)
    i.lcdPrintLetter                         0x00000d60   Section        0  lcd_driver.o(i.lcdPrintLetter)
    i.lcdPrintNumber                         0x00001358   Section        0  lcd_driver.o(i.lcdPrintNumber)
    i.lcdPrintString                         0x00001410   Section        0  lcd_driver.o(i.lcdPrintString)
    i.lcdPrintSymbol                         0x00001430   Section        0  lcd_driver.o(i.lcdPrintSymbol)
    i.lcdWriteCommand                        0x000014c8   Section        0  lcd_driver.o(i.lcdWriteCommand)
    i.main                                   0x000014e4   Section        0  main.o(i.main)
    i.mult                                   0x000014f8   Section        0  calculator.o(i.mult)
    i.newline                                0x00001554   Section        0  lcd_driver.o(i.newline)
    i.padInit                                0x00001578   Section        0  keypad_driver.o(i.padInit)
    i.printAnswer                            0x00001600   Section        0  calculator.o(i.printAnswer)
    i.setArray                               0x00001694   Section        0  calculator.o(i.setArray)
    i.startCalc                              0x000017a0   Section        0  calculator.o(i.startCalc)
    i.subt                                   0x000017b4   Section        0  calculator.o(i.subt)
    i.toArray                                0x0000180c   Section        0  calculator.o(i.toArray)
    locale$$code                             0x00001828   Section       44  lc_ctype_c.o(locale$$code)
    x$fpl$ddiv                               0x00001854   Section      688  ddiv.o(x$fpl$ddiv)
    $v0                                      0x00001854   Number         0  ddiv.o(x$fpl$ddiv)
    ddiv_entry                               0x0000185b   Thumb Code     0  ddiv.o(x$fpl$ddiv)
    x$fpl$dfix                               0x00001b04   Section       94  dfix.o(x$fpl$dfix)
    $v0                                      0x00001b04   Number         0  dfix.o(x$fpl$dfix)
    x$fpl$dfltu                              0x00001b62   Section       38  dflt_clz.o(x$fpl$dfltu)
    $v0                                      0x00001b62   Number         0  dflt_clz.o(x$fpl$dfltu)
    x$fpl$dmul                               0x00001b88   Section      340  dmul.o(x$fpl$dmul)
    $v0                                      0x00001b88   Number         0  dmul.o(x$fpl$dmul)
    x$fpl$dnaninf                            0x00001cdc   Section      156  dnaninf.o(x$fpl$dnaninf)
    $v0                                      0x00001cdc   Number         0  dnaninf.o(x$fpl$dnaninf)
    x$fpl$dretinf                            0x00001d78   Section       12  dretinf.o(x$fpl$dretinf)
    $v0                                      0x00001d78   Number         0  dretinf.o(x$fpl$dretinf)
    x$fpl$fpinit                             0x00001d84   Section       10  fpinit.o(x$fpl$fpinit)
    $v0                                      0x00001d84   Number         0  fpinit.o(x$fpl$fpinit)
    x$fpl$usenofp                            0x00001d8e   Section        0  usenofp.o(x$fpl$usenofp)
    locale$$data                             0x00001db0   Section      272  lc_ctype_c.o(locale$$data)
    __lcctype_c_name                         0x00001db4   Data           2  lc_ctype_c.o(locale$$data)
    __lcctype_c_start                        0x00001dbc   Data           0  lc_ctype_c.o(locale$$data)
    __lcctype_c_end                          0x00001ec0   Data           0  lc_ctype_c.o(locale$$data)
    .data                                    0x20000000   Section        4  lcd_driver.o(.data)
    .data                                    0x20000004   Section       16  keypad_driver.o(.data)
    .data                                    0x20000018   Section       40  pll.o(.data)
    .data                                    0x20000040   Section       16  calculator.o(.data)
    .bss                                     0x20000050   Section      160  calculator.o(.bss)
    .bss                                     0x200000f0   Section       96  libspace.o(.bss)
    HEAP                                     0x20000150   Section        0  startup_tm4c123.o(HEAP)
    STACK                                    0x20000150   Section      512  startup_tm4c123.o(STACK)
    Heap_Mem                                 0x20000150   Data           0  startup_tm4c123.o(HEAP)
    Stack_Mem                                0x20000150   Data         512  startup_tm4c123.o(STACK)
    __initial_sp                             0x20000350   Data           0  startup_tm4c123.o(STACK)

    Global Symbols

    Symbol Name                              Value     Ov Type        Size  Object(Section)

    BuildAttributes$$THM_ISAv4$E$P$D$K$B$S$7EM$VFPi3$EXTD16$VFPS$VFMA$PE$A:L22UL41UL21$X:L11$S22US41US21$IEEE1$IW$USESV6$~STKCKD$USESV7$~SHL$OSPACE$ROPI$EBA8$UX$STANDARDLIB$REQ8$PRES8$EABIv2 0x00000000   Number         0  anon$$obj.o ABSOLUTE
    __ARM_use_no_argv                        0x00000000   Number         0  main.o ABSOLUTE
    __Vectors                                0x00000000   Data           4  startup_tm4c123.o(RESET)
    __ARM_exceptions_init                     - Undefined Weak Reference
    __alloca_initialize                       - Undefined Weak Reference
    __arm_preinit_                            - Undefined Weak Reference
    __cpp_initialize__aeabi_                  - Undefined Weak Reference
    __cxa_finalize                            - Undefined Weak Reference
    __sigvec_lookup                           - Undefined Weak Reference
    _atexit_init                              - Undefined Weak Reference
    _call_atexit_fns                          - Undefined Weak Reference
    _clock_init                               - Undefined Weak Reference
    _fp_trap_init                             - Undefined Weak Reference
    _fp_trap_shutdown                         - Undefined Weak Reference
    _get_lc_collate                           - Undefined Weak Reference
    _get_lc_monetary                          - Undefined Weak Reference
    _get_lc_numeric                           - Undefined Weak Reference
    _get_lc_time                              - Undefined Weak Reference
    _getenv_init                              - Undefined Weak Reference
    _handle_redirection                       - Undefined Weak Reference
    _init_alloc                               - Undefined Weak Reference
    _init_user_alloc                          - Undefined Weak Reference
    _initio                                   - Undefined Weak Reference
    _rand_init                                - Undefined Weak Reference
    _signal_finish                            - Undefined Weak Reference
    _signal_init                              - Undefined Weak Reference
    _terminate_alloc                          - Undefined Weak Reference
    _terminate_user_alloc                     - Undefined Weak Reference
    _terminateio                              - Undefined Weak Reference
    __Vectors_End                            0x0000026c   Data           0  startup_tm4c123.o(RESET)
    __Vectors_Size                           0x0000026c   Number         0  startup_tm4c123.o ABSOLUTE
    __main                                   0x0000026d   Thumb Code     8  __main.o(!!!main)
    __scatterload                            0x00000275   Thumb Code     0  __scatter.o(!!!scatter)
    __scatterload_rt2                        0x00000275   Thumb Code    44  __scatter.o(!!!scatter)
    __scatterload_rt2_thumb_only             0x00000275   Thumb Code     0  __scatter.o(!!!scatter)
    __scatterload_null                       0x00000283   Thumb Code     0  __scatter.o(!!!scatter)
    __scatterload_copy                       0x000002a9   Thumb Code    26  __scatter_copy.o(!!handler_copy)
    __scatterload_zeroinit                   0x000002c5   Thumb Code    28  __scatter_zi.o(!!handler_zi)
    __rt_lib_init                            0x000002e1   Thumb Code     0  libinit.o(.ARM.Collect$$libinit$$00000000)
    __rt_lib_init_fp_1                       0x000002e3   Thumb Code     0  libinit2.o(.ARM.Collect$$libinit$$00000001)
    __rt_lib_init_heap_1                     0x000002e7   Thumb Code     0  libinit2.o(.ARM.Collect$$libinit$$0000000A)
    __rt_lib_init_lc_common                  0x000002e7   Thumb Code     0  libinit2.o(.ARM.Collect$$libinit$$0000000F)
    __rt_lib_init_preinit_1                  0x000002e7   Thumb Code     0  libinit2.o(.ARM.Collect$$libinit$$00000004)
    __rt_lib_init_rand_1                     0x000002e7   Thumb Code     0  libinit2.o(.ARM.Collect$$libinit$$0000000E)
    __rt_lib_init_user_alloc_1               0x000002e7   Thumb Code     0  libinit2.o(.ARM.Collect$$libinit$$0000000C)
    __rt_lib_init_lc_collate_1               0x000002ed   Thumb Code     0  libinit2.o(.ARM.Collect$$libinit$$00000011)
    __rt_lib_init_lc_ctype_2                 0x000002ed   Thumb Code     0  libinit2.o(.ARM.Collect$$libinit$$00000012)
    __rt_lib_init_alloca_1                   0x000002f9   Thumb Code     0  libinit2.o(.ARM.Collect$$libinit$$0000002E)
    __rt_lib_init_argv_1                     0x000002f9   Thumb Code     0  libinit2.o(.ARM.Collect$$libinit$$0000002C)
    __rt_lib_init_atexit_1                   0x000002f9   Thumb Code     0  libinit2.o(.ARM.Collect$$libinit$$0000001B)
    __rt_lib_init_clock_1                    0x000002f9   Thumb Code     0  libinit2.o(.ARM.Collect$$libinit$$00000021)
    __rt_lib_init_cpp_1                      0x000002f9   Thumb Code     0  libinit2.o(.ARM.Collect$$libinit$$00000032)
    __rt_lib_init_exceptions_1               0x000002f9   Thumb Code     0  libinit2.o(.ARM.Collect$$libinit$$00000030)
    __rt_lib_init_fp_trap_1                  0x000002f9   Thumb Code     0  libinit2.o(.ARM.Collect$$libinit$$0000001F)
    __rt_lib_init_getenv_1                   0x000002f9   Thumb Code     0  libinit2.o(.ARM.Collect$$libinit$$00000023)
    __rt_lib_init_lc_ctype_1                 0x000002f9   Thumb Code     0  libinit2.o(.ARM.Collect$$libinit$$00000013)
    __rt_lib_init_lc_monetary_1              0x000002f9   Thumb Code     0  libinit2.o(.ARM.Collect$$libinit$$00000015)
    __rt_lib_init_lc_numeric_1               0x000002f9   Thumb Code     0  libinit2.o(.ARM.Collect$$libinit$$00000017)
    __rt_lib_init_lc_time_1                  0x000002f9   Thumb Code     0  libinit2.o(.ARM.Collect$$libinit$$00000019)
    __rt_lib_init_return                     0x000002f9   Thumb Code     0  libinit2.o(.ARM.Collect$$libinit$$00000033)
    __rt_lib_init_signal_1                   0x000002f9   Thumb Code     0  libinit2.o(.ARM.Collect$$libinit$$0000001D)
    __rt_lib_init_stdio_1                    0x000002f9   Thumb Code     0  libinit2.o(.ARM.Collect$$libinit$$00000025)
    __rt_lib_shutdown                        0x000002fb   Thumb Code     0  libshutdown.o(.ARM.Collect$$libshutdown$$00000000)
    __rt_lib_shutdown_cpp_1                  0x000002fd   Thumb Code     0  libshutdown2.o(.ARM.Collect$$libshutdown$$00000002)
    __rt_lib_shutdown_fp_trap_1              0x000002fd   Thumb Code     0  libshutdown2.o(.ARM.Collect$$libshutdown$$00000007)
    __rt_lib_shutdown_heap_1                 0x000002fd   Thumb Code     0  libshutdown2.o(.ARM.Collect$$libshutdown$$0000000F)
    __rt_lib_shutdown_return                 0x000002fd   Thumb Code     0  libshutdown2.o(.ARM.Collect$$libshutdown$$00000010)
    __rt_lib_shutdown_signal_1               0x000002fd   Thumb Code     0  libshutdown2.o(.ARM.Collect$$libshutdown$$0000000A)
    __rt_lib_shutdown_stdio_1                0x000002fd   Thumb Code     0  libshutdown2.o(.ARM.Collect$$libshutdown$$00000004)
    __rt_lib_shutdown_user_alloc_1           0x000002fd   Thumb Code     0  libshutdown2.o(.ARM.Collect$$libshutdown$$0000000C)
    __rt_entry                               0x000002ff   Thumb Code     0  __rtentry.o(.ARM.Collect$$rtentry$$00000000)
    __rt_entry_presh_1                       0x000002ff   Thumb Code     0  __rtentry2.o(.ARM.Collect$$rtentry$$00000002)
    __rt_entry_sh                            0x000002ff   Thumb Code     0  __rtentry4.o(.ARM.Collect$$rtentry$$00000004)
    __rt_entry_li                            0x00000305   Thumb Code     0  __rtentry2.o(.ARM.Collect$$rtentry$$0000000A)
    __rt_entry_postsh_1                      0x00000305   Thumb Code     0  __rtentry2.o(.ARM.Collect$$rtentry$$00000009)
    __rt_entry_main                          0x00000309   Thumb Code     0  __rtentry2.o(.ARM.Collect$$rtentry$$0000000D)
    __rt_entry_postli_1                      0x00000309   Thumb Code     0  __rtentry2.o(.ARM.Collect$$rtentry$$0000000C)
    __rt_exit                                0x00000311   Thumb Code     0  rtexit.o(.ARM.Collect$$rtexit$$00000000)
    __rt_exit_ls                             0x00000313   Thumb Code     0  rtexit2.o(.ARM.Collect$$rtexit$$00000003)
    __rt_exit_prels_1                        0x00000313   Thumb Code     0  rtexit2.o(.ARM.Collect$$rtexit$$00000002)
    __rt_exit_exit                           0x00000317   Thumb Code     0  rtexit2.o(.ARM.Collect$$rtexit$$00000004)
    Reset_Handler                            0x0000031d   Thumb Code     8  startup_tm4c123.o(.text)
    NMI_Handler                              0x00000325   Thumb Code     2  startup_tm4c123.o(.text)
    HardFault_Handler                        0x00000327   Thumb Code     2  startup_tm4c123.o(.text)
    MemManage_Handler                        0x00000329   Thumb Code     2  startup_tm4c123.o(.text)
    BusFault_Handler                         0x0000032b   Thumb Code     2  startup_tm4c123.o(.text)
    UsageFault_Handler                       0x0000032d   Thumb Code     2  startup_tm4c123.o(.text)
    SVC_Handler                              0x0000032f   Thumb Code     2  startup_tm4c123.o(.text)
    DebugMon_Handler                         0x00000331   Thumb Code     2  startup_tm4c123.o(.text)
    PendSV_Handler                           0x00000333   Thumb Code     2  startup_tm4c123.o(.text)
    SysTick_Handler                          0x00000335   Thumb Code     2  startup_tm4c123.o(.text)
    GPIOA_Handler                            0x00000337   Thumb Code     2  startup_tm4c123.o(.text)
    GPIOB_Handler                            0x00000339   Thumb Code     2  startup_tm4c123.o(.text)
    GPIOC_Handler                            0x0000033b   Thumb Code     2  startup_tm4c123.o(.text)
    GPIOD_Handler                            0x0000033d   Thumb Code     2  startup_tm4c123.o(.text)
    GPIOE_Handler                            0x0000033f   Thumb Code     2  startup_tm4c123.o(.text)
    UART0_Handler                            0x00000341   Thumb Code     2  startup_tm4c123.o(.text)
    UART1_Handler                            0x00000343   Thumb Code     2  startup_tm4c123.o(.text)
    SSI0_Handler                             0x00000345   Thumb Code     2  startup_tm4c123.o(.text)
    I2C0_Handler                             0x00000347   Thumb Code     2  startup_tm4c123.o(.text)
    PMW0_FAULT_Handler                       0x00000349   Thumb Code     2  startup_tm4c123.o(.text)
    PWM0_0_Handler                           0x0000034b   Thumb Code     2  startup_tm4c123.o(.text)
    PWM0_1_Handler                           0x0000034d   Thumb Code     2  startup_tm4c123.o(.text)
    PWM0_2_Handler                           0x0000034f   Thumb Code     2  startup_tm4c123.o(.text)
    QEI0_Handler                             0x00000351   Thumb Code     2  startup_tm4c123.o(.text)
    ADC0SS0_Handler                          0x00000353   Thumb Code     2  startup_tm4c123.o(.text)
    ADC0SS1_Handler                          0x00000355   Thumb Code     2  startup_tm4c123.o(.text)
    ADC0SS2_Handler                          0x00000357   Thumb Code     2  startup_tm4c123.o(.text)
    ADC0SS3_Handler                          0x00000359   Thumb Code     2  startup_tm4c123.o(.text)
    WDT0_Handler                             0x0000035b   Thumb Code     2  startup_tm4c123.o(.text)
    TIMER0A_Handler                          0x0000035d   Thumb Code     2  startup_tm4c123.o(.text)
    TIMER0B_Handler                          0x0000035f   Thumb Code     2  startup_tm4c123.o(.text)
    TIMER1A_Handler                          0x00000361   Thumb Code     2  startup_tm4c123.o(.text)
    TIMER1B_Handler                          0x00000363   Thumb Code     2  startup_tm4c123.o(.text)
    TIMER2A_Handler                          0x00000365   Thumb Code     2  startup_tm4c123.o(.text)
    TIMER2B_Handler                          0x00000367   Thumb Code     2  startup_tm4c123.o(.text)
    COMP0_Handler                            0x00000369   Thumb Code     2  startup_tm4c123.o(.text)
    COMP1_Handler                            0x0000036b   Thumb Code     2  startup_tm4c123.o(.text)
    COMP2_Handler                            0x0000036d   Thumb Code     2  startup_tm4c123.o(.text)
    SYSCTL_Handler                           0x0000036f   Thumb Code     2  startup_tm4c123.o(.text)
    FLASH_Handler                            0x00000371   Thumb Code     2  startup_tm4c123.o(.text)
    GPIOF_Handler                            0x00000373   Thumb Code     2  startup_tm4c123.o(.text)
    GPIOG_Handler                            0x00000375   Thumb Code     2  startup_tm4c123.o(.text)
    GPIOH_Handler                            0x00000377   Thumb Code     2  startup_tm4c123.o(.text)
    UART2_Handler                            0x00000379   Thumb Code     2  startup_tm4c123.o(.text)
    SSI1_Handler                             0x0000037b   Thumb Code     2  startup_tm4c123.o(.text)
    TIMER3A_Handler                          0x0000037d   Thumb Code     2  startup_tm4c123.o(.text)
    TIMER3B_Handler                          0x0000037f   Thumb Code     2  startup_tm4c123.o(.text)
    I2C1_Handler                             0x00000381   Thumb Code     2  startup_tm4c123.o(.text)
    QEI1_Handler                             0x00000383   Thumb Code     2  startup_tm4c123.o(.text)
    CAN0_Handler                             0x00000385   Thumb Code     2  startup_tm4c123.o(.text)
    CAN1_Handler                             0x00000387   Thumb Code     2  startup_tm4c123.o(.text)
    CAN2_Handler                             0x00000389   Thumb Code     2  startup_tm4c123.o(.text)
    HIB_Handler                              0x0000038b   Thumb Code     2  startup_tm4c123.o(.text)
    USB0_Handler                             0x0000038d   Thumb Code     2  startup_tm4c123.o(.text)
    PWM0_3_Handler                           0x0000038f   Thumb Code     2  startup_tm4c123.o(.text)
    UDMA_Handler                             0x00000391   Thumb Code     2  startup_tm4c123.o(.text)
    UDMAERR_Handler                          0x00000393   Thumb Code     2  startup_tm4c123.o(.text)
    ADC1SS0_Handler                          0x00000395   Thumb Code     2  startup_tm4c123.o(.text)
    ADC1SS1_Handler                          0x00000397   Thumb Code     2  startup_tm4c123.o(.text)
    ADC1SS2_Handler                          0x00000399   Thumb Code     2  startup_tm4c123.o(.text)
    ADC1SS3_Handler                          0x0000039b   Thumb Code     2  startup_tm4c123.o(.text)
    GPIOJ_Handler                            0x0000039d   Thumb Code     2  startup_tm4c123.o(.text)
    GPIOK_Handler                            0x0000039f   Thumb Code     2  startup_tm4c123.o(.text)
    GPIOL_Handler                            0x000003a1   Thumb Code     2  startup_tm4c123.o(.text)
    SSI2_Handler                             0x000003a3   Thumb Code     2  startup_tm4c123.o(.text)
    SSI3_Handler                             0x000003a5   Thumb Code     2  startup_tm4c123.o(.text)
    UART3_Handler                            0x000003a7   Thumb Code     2  startup_tm4c123.o(.text)
    UART4_Handler                            0x000003a9   Thumb Code     2  startup_tm4c123.o(.text)
    UART5_Handler                            0x000003ab   Thumb Code     2  startup_tm4c123.o(.text)
    UART6_Handler                            0x000003ad   Thumb Code     2  startup_tm4c123.o(.text)
    UART7_Handler                            0x000003af   Thumb Code     2  startup_tm4c123.o(.text)
    I2C2_Handler                             0x000003b1   Thumb Code     2  startup_tm4c123.o(.text)
    I2C3_Handler                             0x000003b3   Thumb Code     2  startup_tm4c123.o(.text)
    TIMER4A_Handler                          0x000003b5   Thumb Code     2  startup_tm4c123.o(.text)
    TIMER4B_Handler                          0x000003b7   Thumb Code     2  startup_tm4c123.o(.text)
    TIMER5A_Handler                          0x000003b9   Thumb Code     2  startup_tm4c123.o(.text)
    TIMER5B_Handler                          0x000003bb   Thumb Code     2  startup_tm4c123.o(.text)
    WTIMER0A_Handler                         0x000003bd   Thumb Code     2  startup_tm4c123.o(.text)
    WTIMER0B_Handler                         0x000003bf   Thumb Code     2  startup_tm4c123.o(.text)
    WTIMER1A_Handler                         0x000003c1   Thumb Code     2  startup_tm4c123.o(.text)
    WTIMER1B_Handler                         0x000003c3   Thumb Code     2  startup_tm4c123.o(.text)
    WTIMER2A_Handler                         0x000003c5   Thumb Code     2  startup_tm4c123.o(.text)
    WTIMER2B_Handler                         0x000003c7   Thumb Code     2  startup_tm4c123.o(.text)
    WTIMER3A_Handler                         0x000003c9   Thumb Code     2  startup_tm4c123.o(.text)
    WTIMER3B_Handler                         0x000003cb   Thumb Code     2  startup_tm4c123.o(.text)
    WTIMER4A_Handler                         0x000003cd   Thumb Code     2  startup_tm4c123.o(.text)
    WTIMER4B_Handler                         0x000003cf   Thumb Code     2  startup_tm4c123.o(.text)
    WTIMER5A_Handler                         0x000003d1   Thumb Code     2  startup_tm4c123.o(.text)
    WTIMER5B_Handler                         0x000003d3   Thumb Code     2  startup_tm4c123.o(.text)
    FPU_Handler                              0x000003d5   Thumb Code     2  startup_tm4c123.o(.text)
    I2C4_Handler                             0x000003d7   Thumb Code     2  startup_tm4c123.o(.text)
    I2C5_Handler                             0x000003d9   Thumb Code     2  startup_tm4c123.o(.text)
    GPIOM_Handler                            0x000003db   Thumb Code     2  startup_tm4c123.o(.text)
    GPION_Handler                            0x000003dd   Thumb Code     2  startup_tm4c123.o(.text)
    QEI2_Handler                             0x000003df   Thumb Code     2  startup_tm4c123.o(.text)
    GPIOP0_Handler                           0x000003e1   Thumb Code     2  startup_tm4c123.o(.text)
    GPIOP1_Handler                           0x000003e3   Thumb Code     2  startup_tm4c123.o(.text)
    GPIOP2_Handler                           0x000003e5   Thumb Code     2  startup_tm4c123.o(.text)
    GPIOP3_Handler                           0x000003e7   Thumb Code     2  startup_tm4c123.o(.text)
    GPIOP4_Handler                           0x000003e9   Thumb Code     2  startup_tm4c123.o(.text)
    GPIOP5_Handler                           0x000003eb   Thumb Code     2  startup_tm4c123.o(.text)
    GPIOP6_Handler                           0x000003ed   Thumb Code     2  startup_tm4c123.o(.text)
    GPIOP7_Handler                           0x000003ef   Thumb Code     2  startup_tm4c123.o(.text)
    GPIOQ0_Handler                           0x000003f1   Thumb Code     2  startup_tm4c123.o(.text)
    GPIOQ1_Handler                           0x000003f3   Thumb Code     2  startup_tm4c123.o(.text)
    GPIOQ2_Handler                           0x000003f5   Thumb Code     2  startup_tm4c123.o(.text)
    GPIOQ3_Handler                           0x000003f7   Thumb Code     2  startup_tm4c123.o(.text)
    GPIOQ4_Handler                           0x000003f9   Thumb Code     2  startup_tm4c123.o(.text)
    GPIOQ5_Handler                           0x000003fb   Thumb Code     2  startup_tm4c123.o(.text)
    GPIOQ6_Handler                           0x000003fd   Thumb Code     2  startup_tm4c123.o(.text)
    GPIOQ7_Handler                           0x000003ff   Thumb Code     2  startup_tm4c123.o(.text)
    GPIOR_Handler                            0x00000401   Thumb Code     2  startup_tm4c123.o(.text)
    GPIOS_Handler                            0x00000403   Thumb Code     2  startup_tm4c123.o(.text)
    PMW1_0_Handler                           0x00000405   Thumb Code     2  startup_tm4c123.o(.text)
    PWM1_1_Handler                           0x00000407   Thumb Code     2  startup_tm4c123.o(.text)
    PWM1_2_Handler                           0x00000409   Thumb Code     2  startup_tm4c123.o(.text)
    PWM1_3_Handler                           0x0000040b   Thumb Code     2  startup_tm4c123.o(.text)
    PWM1_FAULT_Handler                       0x0000040d   Thumb Code     2  startup_tm4c123.o(.text)
    __user_initial_stackheap                 0x00000411   Thumb Code     0  startup_tm4c123.o(.text)
    __rt_ctype_table                         0x00000431   Thumb Code    16  rt_ctype_table.o(.text)
    strlen                                   0x00000441   Thumb Code    62  strlen.o(.text)
    __use_two_region_memory                  0x0000047f   Thumb Code     2  heapauxi.o(.text)
    __rt_heap_escrow$2region                 0x00000481   Thumb Code     2  heapauxi.o(.text)
    __rt_heap_expand$2region                 0x00000483   Thumb Code     2  heapauxi.o(.text)
    __rt_locale                              0x00000485   Thumb Code     8  rt_locale_intlibspace.o(.text)
    __user_libspace                          0x0000048d   Thumb Code     8  libspace.o(.text)
    __user_perproc_libspace                  0x0000048d   Thumb Code     0  libspace.o(.text)
    __user_perthread_libspace                0x0000048d   Thumb Code     0  libspace.o(.text)
    strcmp                                   0x00000495   Thumb Code   128  strcmpv7m.o(.text)
    __user_setup_stackheap                   0x00000515   Thumb Code    74  sys_stackheap_outer.o(.text)
    exit                                     0x0000055f   Thumb Code    18  exit.o(.text)
    _sys_exit                                0x00000571   Thumb Code     8  sys_exit.o(.text)
    __I$use$semihosting                      0x0000057d   Thumb Code     0  use_no_semi.o(.text)
    __use_no_semihosting_swi                 0x0000057d   Thumb Code     2  use_no_semi.o(.text)
    ENPulse                                  0x0000057f   Thumb Code    32  lcd_driver.o(i.ENPulse)
    __semihosting_library_function           0x0000057f   Thumb Code     0  indicate_semi.o(.text)
    PLL_Init                                 0x000005a1   Thumb Code   274  pll.o(i.PLL_Init)
    SysTick_Init                             0x000006f1   Thumb Code    24  pll.o(i.SysTick_Init)
    SysTick_Wait_ms                          0x00000709   Thumb Code    34  pll.o(i.SysTick_Wait_ms)
    SysTick_Wait_us                          0x00000731   Thumb Code    34  pll.o(i.SysTick_Wait_us)
    SystemInit                               0x00000759   Thumb Code   112  system_tm4c123.o(i.SystemInit)
    addi                                     0x000007f1   Thumb Code    72  calculator.o(i.addi)
    calculation                              0x00000849   Thumb Code   236  calculator.o(i.calculation)
    checkButtons                             0x0000093d   Thumb Code   260  calculator.o(i.checkButtons)
    clearcalc                                0x00000a41   Thumb Code    58  calculator.o(i.clearcalc)
    divi                                     0x00000a9d   Thumb Code    74  calculator.o(i.divi)
    equals                                   0x00000af9   Thumb Code    12  calculator.o(i.equals)
    init                                     0x00000b05   Thumb Code   278  lcd_driver.o(i.init)
    kPinOnOff                                0x00000c45   Thumb Code   116  keypad_driver.o(i.kPinOnOff)
    keyPressed                               0x00000cc1   Thumb Code    96  keypad_driver.o(i.keyPressed)
    lcdClear                                 0x00000d29   Thumb Code    52  lcd_driver.o(i.lcdClear)
    lcdPrintLetter                           0x00000d61   Thumb Code  1518  lcd_driver.o(i.lcdPrintLetter)
    lcdPrintNumber                           0x00001359   Thumb Code   174  lcd_driver.o(i.lcdPrintNumber)
    lcdPrintString                           0x00001411   Thumb Code    30  lcd_driver.o(i.lcdPrintString)
    lcdPrintSymbol                           0x00001431   Thumb Code   144  lcd_driver.o(i.lcdPrintSymbol)
    lcdWriteCommand                          0x000014c9   Thumb Code    24  lcd_driver.o(i.lcdWriteCommand)
    main                                     0x000014e5   Thumb Code    18  main.o(i.main)
    mult                                     0x000014f9   Thumb Code    74  calculator.o(i.mult)
    newline                                  0x00001555   Thumb Code    32  lcd_driver.o(i.newline)
    padInit                                  0x00001579   Thumb Code   110  keypad_driver.o(i.padInit)
    printAnswer                              0x00001601   Thumb Code   138  calculator.o(i.printAnswer)
    setArray                                 0x00001695   Thumb Code   236  calculator.o(i.setArray)
    startCalc                                0x000017a1   Thumb Code    14  calculator.o(i.startCalc)
    subt                                     0x000017b5   Thumb Code    72  calculator.o(i.subt)
    toArray                                  0x0000180d   Thumb Code    20  calculator.o(i.toArray)
    _get_lc_ctype                            0x00001829   Thumb Code    44  lc_ctype_c.o(locale$$code)
    __aeabi_ddiv                             0x00001855   Thumb Code     0  ddiv.o(x$fpl$ddiv)
    _ddiv                                    0x00001855   Thumb Code   552  ddiv.o(x$fpl$ddiv)
    __aeabi_d2iz                             0x00001b05   Thumb Code     0  dfix.o(x$fpl$dfix)
    _dfix                                    0x00001b05   Thumb Code    94  dfix.o(x$fpl$dfix)
    __aeabi_ui2d                             0x00001b63   Thumb Code     0  dflt_clz.o(x$fpl$dfltu)
    _dfltu                                   0x00001b63   Thumb Code    38  dflt_clz.o(x$fpl$dfltu)
    __aeabi_dmul                             0x00001b89   Thumb Code     0  dmul.o(x$fpl$dmul)
    _dmul                                    0x00001b89   Thumb Code   332  dmul.o(x$fpl$dmul)
    __fpl_dnaninf                            0x00001cdd   Thumb Code   156  dnaninf.o(x$fpl$dnaninf)
    __fpl_dretinf                            0x00001d79   Thumb Code    12  dretinf.o(x$fpl$dretinf)
    _fp_init                                 0x00001d85   Thumb Code    10  fpinit.o(x$fpl$fpinit)
    __fplib_config_fpu_vfp                   0x00001d8d   Thumb Code     0  fpinit.o(x$fpl$fpinit)
    __fplib_config_pureend_doubles           0x00001d8d   Thumb Code     0  fpinit.o(x$fpl$fpinit)
    __I$use$fp                               0x00001d8e   Number         0  usenofp.o(x$fpl$usenofp)
    Region$$Table$$Base                      0x00001d90   Number         0  anon$$obj.o(Region$$Table)
    Region$$Table$$Limit                     0x00001db0   Number         0  anon$$obj.o(Region$$Table)
    __ctype                                  0x00001dbd   Data           0  lc_ctype_c.o(locale$$data)
    charcount                                0x20000000   Data           4  lcd_driver.o(.data)
    keypadMatrix                             0x20000004   Data          16  keypad_driver.o(.data)
    n                                        0x20000018   Data           4  pll.o(.data)
    freq                                     0x2000001c   Data           4  pll.o(.data)
    TPC                                      0x20000020   Data           8  pll.o(.data)
    ms_cycled                                0x20000028   Data           8  pll.o(.data)
    us_cycled                                0x20000030   Data           8  pll.o(.data)
    ms_cycle                                 0x20000038   Data           4  pll.o(.data)
    us_cycle                                 0x2000003c   Data           4  pll.o(.data)
    tnaN                                     0x20000040   Data           4  calculator.o(.data)
    naN                                      0x20000044   Data           4  calculator.o(.data)
    opN                                      0x20000048   Data           4  calculator.o(.data)
    mainArrayN                               0x2000004c   Data           4  calculator.o(.data)
    mainArray                                0x20000050   Data          16  calculator.o(.bss)
    tempNumberArray                          0x20000060   Data          64  calculator.o(.bss)
    numberArray                              0x200000a0   Data          64  calculator.o(.bss)
    operatorArray                            0x200000e0   Data          16  calculator.o(.bss)
    __libspace_start                         0x200000f0   Data          96  libspace.o(.bss)
    __temporary_stack_top$libspace           0x20000150   Data           0  libspace.o(.bss)



==============================================================================

Memory Map of the image

  Image Entry point : 0x0000031d

  Load Region LR_1 (Base: 0x00000000, Size: 0x00001f10, Max: 0xffffffff, ABSOLUTE)

    Execution Region ER_RO (Exec base: 0x00000000, Load base: 0x00000000, Size: 0x00001ec0, Max: 0xffffffff, ABSOLUTE)

    Exec Addr    Load Addr    Size         Type   Attr      Idx    E Section Name        Object

    0x00000000   0x00000000   0x0000026c   Data   RO          265    RESET               startup_tm4c123.o
    0x0000026c   0x0000026c   0x00000008   Code   RO          339  * !!!main             c_w.l(__main.o)
    0x00000274   0x00000274   0x00000034   Code   RO          527    !!!scatter          c_w.l(__scatter.o)
    0x000002a8   0x000002a8   0x0000001a   Code   RO          529    !!handler_copy      c_w.l(__scatter_copy.o)
    0x000002c2   0x000002c2   0x00000002   PAD
    0x000002c4   0x000002c4   0x0000001c   Code   RO          531    !!handler_zi        c_w.l(__scatter_zi.o)
    0x000002e0   0x000002e0   0x00000002   Code   RO          447    .ARM.Collect$$libinit$$00000000  c_w.l(libinit.o)
    0x000002e2   0x000002e2   0x00000004   Code   RO          391    .ARM.Collect$$libinit$$00000001  c_w.l(libinit2.o)
    0x000002e6   0x000002e6   0x00000000   Code   RO          394    .ARM.Collect$$libinit$$00000004  c_w.l(libinit2.o)
    0x000002e6   0x000002e6   0x00000000   Code   RO          397    .ARM.Collect$$libinit$$0000000A  c_w.l(libinit2.o)
    0x000002e6   0x000002e6   0x00000000   Code   RO          399    .ARM.Collect$$libinit$$0000000C  c_w.l(libinit2.o)
    0x000002e6   0x000002e6   0x00000000   Code   RO          401    .ARM.Collect$$libinit$$0000000E  c_w.l(libinit2.o)
    0x000002e6   0x000002e6   0x00000006   Code   RO          402    .ARM.Collect$$libinit$$0000000F  c_w.l(libinit2.o)
    0x000002ec   0x000002ec   0x00000000   Code   RO          404    .ARM.Collect$$libinit$$00000011  c_w.l(libinit2.o)
    0x000002ec   0x000002ec   0x0000000c   Code   RO          405    .ARM.Collect$$libinit$$00000012  c_w.l(libinit2.o)
    0x000002f8   0x000002f8   0x00000000   Code   RO          406    .ARM.Collect$$libinit$$00000013  c_w.l(libinit2.o)
    0x000002f8   0x000002f8   0x00000000   Code   RO          408    .ARM.Collect$$libinit$$00000015  c_w.l(libinit2.o)
    0x000002f8   0x000002f8   0x00000000   Code   RO          410    .ARM.Collect$$libinit$$00000017  c_w.l(libinit2.o)
    0x000002f8   0x000002f8   0x00000000   Code   RO          412    .ARM.Collect$$libinit$$00000019  c_w.l(libinit2.o)
    0x000002f8   0x000002f8   0x00000000   Code   RO          414    .ARM.Collect$$libinit$$0000001B  c_w.l(libinit2.o)
    0x000002f8   0x000002f8   0x00000000   Code   RO          416    .ARM.Collect$$libinit$$0000001D  c_w.l(libinit2.o)
    0x000002f8   0x000002f8   0x00000000   Code   RO          418    .ARM.Collect$$libinit$$0000001F  c_w.l(libinit2.o)
    0x000002f8   0x000002f8   0x00000000   Code   RO          420    .ARM.Collect$$libinit$$00000021  c_w.l(libinit2.o)
    0x000002f8   0x000002f8   0x00000000   Code   RO          422    .ARM.Collect$$libinit$$00000023  c_w.l(libinit2.o)
    0x000002f8   0x000002f8   0x00000000   Code   RO          424    .ARM.Collect$$libinit$$00000025  c_w.l(libinit2.o)
    0x000002f8   0x000002f8   0x00000000   Code   RO          428    .ARM.Collect$$libinit$$0000002C  c_w.l(libinit2.o)
    0x000002f8   0x000002f8   0x00000000   Code   RO          430    .ARM.Collect$$libinit$$0000002E  c_w.l(libinit2.o)
    0x000002f8   0x000002f8   0x00000000   Code   RO          432    .ARM.Collect$$libinit$$00000030  c_w.l(libinit2.o)
    0x000002f8   0x000002f8   0x00000000   Code   RO          434    .ARM.Collect$$libinit$$00000032  c_w.l(libinit2.o)
    0x000002f8   0x000002f8   0x00000002   Code   RO          435    .ARM.Collect$$libinit$$00000033  c_w.l(libinit2.o)
    0x000002fa   0x000002fa   0x00000002   Code   RO          484    .ARM.Collect$$libshutdown$$00000000  c_w.l(libshutdown.o)
    0x000002fc   0x000002fc   0x00000000   Code   RO          490    .ARM.Collect$$libshutdown$$00000002  c_w.l(libshutdown2.o)
    0x000002fc   0x000002fc   0x00000000   Code   RO          492    .ARM.Collect$$libshutdown$$00000004  c_w.l(libshutdown2.o)
    0x000002fc   0x000002fc   0x00000000   Code   RO          495    .ARM.Collect$$libshutdown$$00000007  c_w.l(libshutdown2.o)
    0x000002fc   0x000002fc   0x00000000   Code   RO          498    .ARM.Collect$$libshutdown$$0000000A  c_w.l(libshutdown2.o)
    0x000002fc   0x000002fc   0x00000000   Code   RO          500    .ARM.Collect$$libshutdown$$0000000C  c_w.l(libshutdown2.o)
    0x000002fc   0x000002fc   0x00000000   Code   RO          503    .ARM.Collect$$libshutdown$$0000000F  c_w.l(libshutdown2.o)
    0x000002fc   0x000002fc   0x00000002   Code   RO          504    .ARM.Collect$$libshutdown$$00000010  c_w.l(libshutdown2.o)
    0x000002fe   0x000002fe   0x00000000   Code   RO          357    .ARM.Collect$$rtentry$$00000000  c_w.l(__rtentry.o)
    0x000002fe   0x000002fe   0x00000000   Code   RO          375    .ARM.Collect$$rtentry$$00000002  c_w.l(__rtentry2.o)
    0x000002fe   0x000002fe   0x00000006   Code   RO          387    .ARM.Collect$$rtentry$$00000004  c_w.l(__rtentry4.o)
    0x00000304   0x00000304   0x00000000   Code   RO          377    .ARM.Collect$$rtentry$$00000009  c_w.l(__rtentry2.o)
    0x00000304   0x00000304   0x00000004   Code   RO          378    .ARM.Collect$$rtentry$$0000000A  c_w.l(__rtentry2.o)
    0x00000308   0x00000308   0x00000000   Code   RO          380    .ARM.Collect$$rtentry$$0000000C  c_w.l(__rtentry2.o)
    0x00000308   0x00000308   0x00000008   Code   RO          381    .ARM.Collect$$rtentry$$0000000D  c_w.l(__rtentry2.o)
    0x00000310   0x00000310   0x00000002   Code   RO          450    .ARM.Collect$$rtexit$$00000000  c_w.l(rtexit.o)
    0x00000312   0x00000312   0x00000000   Code   RO          459    .ARM.Collect$$rtexit$$00000002  c_w.l(rtexit2.o)
    0x00000312   0x00000312   0x00000004   Code   RO          460    .ARM.Collect$$rtexit$$00000003  c_w.l(rtexit2.o)
    0x00000316   0x00000316   0x00000006   Code   RO          461    .ARM.Collect$$rtexit$$00000004  c_w.l(rtexit2.o)
    0x0000031c   0x0000031c   0x00000114   Code   RO          266  * .text               startup_tm4c123.o
    0x00000430   0x00000430   0x00000010   Code   RO          333    .text               c_w.l(rt_ctype_table.o)
    0x00000440   0x00000440   0x0000003e   Code   RO          335    .text               c_w.l(strlen.o)
    0x0000047e   0x0000047e   0x00000006   Code   RO          337    .text               c_w.l(heapauxi.o)
    0x00000484   0x00000484   0x00000008   Code   RO          361    .text               c_w.l(rt_locale_intlibspace.o)
    0x0000048c   0x0000048c   0x00000008   Code   RO          371    .text               c_w.l(libspace.o)
    0x00000494   0x00000494   0x00000080   Code   RO          389    .text               c_w.l(strcmpv7m.o)
    0x00000514   0x00000514   0x0000004a   Code   RO          436    .text               c_w.l(sys_stackheap_outer.o)
    0x0000055e   0x0000055e   0x00000012   Code   RO          438    .text               c_w.l(exit.o)
    0x00000570   0x00000570   0x0000000c   Code   RO          471    .text               c_w.l(sys_exit.o)
    0x0000057c   0x0000057c   0x00000002   Code   RO          473    .text               c_w.l(use_no_semi.o)
    0x0000057e   0x0000057e   0x00000000   Code   RO          475    .text               c_w.l(indicate_semi.o)
    0x0000057e   0x0000057e   0x00000020   Code   RO           40    i.ENPulse           lcd_driver.o
    0x0000059e   0x0000059e   0x00000002   PAD
    0x000005a0   0x000005a0   0x00000150   Code   RO          136    i.PLL_Init          pll.o
    0x000006f0   0x000006f0   0x00000018   Code   RO          137    i.SysTick_Init      pll.o
    0x00000708   0x00000708   0x00000028   Code   RO          139    i.SysTick_Wait_ms   pll.o
    0x00000730   0x00000730   0x00000028   Code   RO          140    i.SysTick_Wait_us   pll.o
    0x00000758   0x00000758   0x00000098   Code   RO          275    i.SystemInit        system_tm4c123.o
    0x000007f0   0x000007f0   0x00000058   Code   RO          181    i.addi              calculator.o
    0x00000848   0x00000848   0x000000f4   Code   RO          182    i.calculation       calculator.o
    0x0000093c   0x0000093c   0x00000104   Code   RO          183    i.checkButtons      calculator.o
    0x00000a40   0x00000a40   0x0000005c   Code   RO          184    i.clearcalc         calculator.o
    0x00000a9c   0x00000a9c   0x0000005c   Code   RO          185    i.divi              calculator.o
    0x00000af8   0x00000af8   0x0000000c   Code   RO          186    i.equals            calculator.o
    0x00000b04   0x00000b04   0x00000140   Code   RO           41    i.init              lcd_driver.o
    0x00000c44   0x00000c44   0x0000007c   Code   RO          109    i.kPinOnOff         keypad_driver.o
    0x00000cc0   0x00000cc0   0x00000068   Code   RO          110    i.keyPressed        keypad_driver.o
    0x00000d28   0x00000d28   0x00000038   Code   RO           42    i.lcdClear          lcd_driver.o
    0x00000d60   0x00000d60   0x000005f8   Code   RO           44    i.lcdPrintLetter    lcd_driver.o
    0x00001358   0x00001358   0x000000b8   Code   RO           45    i.lcdPrintNumber    lcd_driver.o
    0x00001410   0x00001410   0x0000001e   Code   RO           46    i.lcdPrintString    lcd_driver.o
    0x0000142e   0x0000142e   0x00000002   PAD
    0x00001430   0x00001430   0x00000098   Code   RO           47    i.lcdPrintSymbol    lcd_driver.o
    0x000014c8   0x000014c8   0x0000001c   Code   RO           48    i.lcdWriteCommand   lcd_driver.o
    0x000014e4   0x000014e4   0x00000012   Code   RO            1    i.main              main.o
    0x000014f6   0x000014f6   0x00000002   PAD
    0x000014f8   0x000014f8   0x0000005c   Code   RO          187    i.mult              calculator.o
    0x00001554   0x00001554   0x00000024   Code   RO           49    i.newline           lcd_driver.o
    0x00001578   0x00001578   0x00000088   Code   RO          111    i.padInit           keypad_driver.o
    0x00001600   0x00001600   0x00000094   Code   RO          188    i.printAnswer       calculator.o
    0x00001694   0x00001694   0x0000010c   Code   RO          189    i.setArray          calculator.o
    0x000017a0   0x000017a0   0x00000014   Code   RO          190    i.startCalc         calculator.o
    0x000017b4   0x000017b4   0x00000058   Code   RO          191    i.subt              calculator.o
    0x0000180c   0x0000180c   0x0000001c   Code   RO          192    i.toArray           calculator.o
    0x00001828   0x00001828   0x0000002c   Code   RO          364    locale$$code        c_w.l(lc_ctype_c.o)
    0x00001854   0x00001854   0x000002b0   Code   RO          342    x$fpl$ddiv          fz_wm.l(ddiv.o)
    0x00001b04   0x00001b04   0x0000005e   Code   RO          345    x$fpl$dfix          fz_wm.l(dfix.o)
    0x00001b62   0x00001b62   0x00000026   Code   RO          349    x$fpl$dfltu         fz_wm.l(dflt_clz.o)
    0x00001b88   0x00001b88   0x00000154   Code   RO          355    x$fpl$dmul          fz_wm.l(dmul.o)
    0x00001cdc   0x00001cdc   0x0000009c   Code   RO          366    x$fpl$dnaninf       fz_wm.l(dnaninf.o)
    0x00001d78   0x00001d78   0x0000000c   Code   RO          368    x$fpl$dretinf       fz_wm.l(dretinf.o)
    0x00001d84   0x00001d84   0x0000000a   Code   RO          448    x$fpl$fpinit        fz_wm.l(fpinit.o)
    0x00001d8e   0x00001d8e   0x00000000   Code   RO          370    x$fpl$usenofp       fz_wm.l(usenofp.o)
    0x00001d8e   0x00001d8e   0x00000002   PAD
    0x00001d90   0x00001d90   0x00000020   Data   RO          525    Region$$Table       anon$$obj.o
    0x00001db0   0x00001db0   0x00000110   Data   RO          363    locale$$data        c_w.l(lc_ctype_c.o)


    Execution Region ER_RW (Exec base: 0x20000000, Load base: 0x00001ec0, Size: 0x00000050, Max: 0xffffffff, ABSOLUTE)

    Exec Addr    Load Addr    Size         Type   Attr      Idx    E Section Name        Object

    0x20000000   0x00001ec0   0x00000004   Data   RW           50    .data               lcd_driver.o
    0x20000004   0x00001ec4   0x00000010   Data   RW          112    .data               keypad_driver.o
    0x20000014   0x00001ed4   0x00000004   PAD
    0x20000018   0x00001ed8   0x00000028   Data   RW          142    .data               pll.o
    0x20000040   0x00001f00   0x00000010   Data   RW          194    .data               calculator.o


    Execution Region ER_ZI (Exec base: 0x20000050, Load base: 0x00001f10, Size: 0x00000300, Max: 0xffffffff, ABSOLUTE)

    Exec Addr    Load Addr    Size         Type   Attr      Idx    E Section Name        Object

    0x20000050        -       0x000000a0   Zero   RW          193    .bss                calculator.o
    0x200000f0        -       0x00000060   Zero   RW          372    .bss                c_w.l(libspace.o)
    0x20000150        -       0x00000000   Zero   RW          264    HEAP                startup_tm4c123.o
    0x20000150        -       0x00000200   Zero   RW          263    STACK               startup_tm4c123.o


==============================================================================

Image component sizes


      Code (inc. data)   RO Data    RW Data    ZI Data      Debug   Object Name

      1432        166          0         16        160       8463   calculator.o
       364         42          0         16          0       2358   keypad_driver.o
      2366        106          0          4          0       6816   lcd_driver.o
        18          0          0          0          0       1927   main.o
       440         74          0         40          0       2513   pll.o
       276         24        620          0        512       5500   startup_tm4c123.o
       152         40          0          0          0       3681   system_tm4c123.o

    ----------------------------------------------------------------------
      5054        452        652         80        672      31258   Object Totals
         0          0         32          0          0          0   (incl. Generated)
         6          0          0          4          0          0   (incl. Padding)

    ----------------------------------------------------------------------

      Code (inc. data)   RO Data    RW Data    ZI Data      Debug   Library Member Name

         8          0          0          0          0         68   __main.o
         0          0          0          0          0          0   __rtentry.o
        12          0          0          0          0          0   __rtentry2.o
         6          0          0          0          0          0   __rtentry4.o
        52          8          0          0          0          0   __scatter.o
        26          0          0          0          0          0   __scatter_copy.o
        28          0          0          0          0          0   __scatter_zi.o
        18          0          0          0          0         80   exit.o
         6          0          0          0          0        152   heapauxi.o
         0          0          0          0          0          0   indicate_semi.o
        44         10        272          0          0         76   lc_ctype_c.o
         2          0          0          0          0          0   libinit.o
        24          0          0          0          0          0   libinit2.o
         2          0          0          0          0          0   libshutdown.o
         2          0          0          0          0          0   libshutdown2.o
         8          4          0          0         96         68   libspace.o
        16          4          0          0          0         76   rt_ctype_table.o
         8          4          0          0          0         68   rt_locale_intlibspace.o
         2          0          0          0          0          0   rtexit.o
        10          0          0          0          0          0   rtexit2.o
       128          0          0          0          0         68   strcmpv7m.o
        62          0          0          0          0         76   strlen.o
        12          4          0          0          0         68   sys_exit.o
        74          0          0          0          0         80   sys_stackheap_outer.o
         2          0          0          0          0         68   use_no_semi.o
       688        140          0          0          0        256   ddiv.o
        94          4          0          0          0        140   dfix.o
        38          0          0          0          0        116   dflt_clz.o
       340         12          0          0          0        152   dmul.o
       156          4          0          0          0        140   dnaninf.o
        12          0          0          0          0        116   dretinf.o
        10          0          0          0          0        116   fpinit.o
         0          0          0          0          0          0   usenofp.o

    ----------------------------------------------------------------------
      1894        194        272          0         96       1984   Library Totals
         4          0          0          0          0          0   (incl. Padding)

    ----------------------------------------------------------------------

      Code (inc. data)   RO Data    RW Data    ZI Data      Debug   Library Name

       552         34        272          0         96        948   c_w.l
      1338        160          0          0          0       1036   fz_wm.l

    ----------------------------------------------------------------------
      1894        194        272          0         96       1984   Library Totals

    ----------------------------------------------------------------------

==============================================================================


      Code (inc. data)   RO Data    RW Data    ZI Data      Debug   

      6948        646        924         80        768      29626   Grand Totals
      6948        646        924         80        768      29626   ELF Image Totals
      6948        646        924         80          0          0   ROM Totals

==============================================================================

    Total RO  Size (Code + RO Data)                 7872 (   7.69kB)
    Total RW  Size (RW Data + ZI Data)               848 (   0.83kB)
    Total ROM Size (Code + RO Data + RW Data)       7952 (   7.77kB)

==============================================================================

